2026-05-08 19:08:02,356 INFO 开始处理 PVG-MCO
2026-05-08 19:08:02,904 ERROR PVG-MCO 采集返回空
2026-05-08 19:08:03,594 INFO 本轮执行完成
2026-05-08 19:28:04,816 INFO 开始处理 PVG-MCO
2026-05-08 19:28:06,034 INFO PVG-MCO 存储6条
2026-05-08 19:28:06,039 INFO 本轮执行完成
2026-05-08 19:34:45,948 INFO 开始处理 PVG-MCO
2026-05-08 19:34:46,450 INFO PVG-MCO 存储6条
2026-05-08 19:34:46,453 INFO 本轮执行完成
2026-05-08 19:42:36,485 INFO 开始处理 PVG-MCO
2026-05-08 19:42:36,987 INFO PVG-MCO 存储6条
2026-05-08 19:42:36,991 INFO 本轮执行完成
2026-05-08 19:53:36,440 INFO 开始处理 PVG-MCO
2026-05-08 19:53:36,923 INFO PVG-MCO 存储6条
2026-05-08 19:53:37,948 INFO 本轮执行完成
2026-05-08 19:54:23,992 INFO 开始处理 PVG-MCO
2026-05-08 19:54:24,475 INFO PVG-MCO 存储6条
2026-05-08 19:54:24,965 INFO 本轮执行完成
2026-05-08 19:56:10,020 INFO 开始处理 PVG-MCO
2026-05-08 19:56:10,499 INFO PVG-MCO 存储6条
2026-05-08 19:56:10,979 INFO PVG-MCO 推送通知: new_low
2026-05-08 19:56:12,025 INFO 本轮执行完成
